AnHui has 21565 txt documents. Request 404: 22. Missing label: 1. Missing DT: 22.
BeiJing has 13692 txt documents. Request 404: 73. Missing label: 2. Missing DT: 74.
ChongQing has 9468 txt documents. Request 404: 1. Missing label: 0. Missing DT: 1.
FuJian has 22971 txt documents. Request 404: 32. Missing label: 10. Missing DT: 33.
GanSu has 11040 txt documents. Request 404: 4. Missing label: 0. Missing DT: 4.
GuangDong has 25038 txt documents. Request 404: 86. Missing label: 3. Missing DT: 89.
GuangXi has 20580 txt documents. Request 404: 25. Missing label: 14. Missing DT: 28.
GuiZhou has 11534 txt documents. Request 404: 23. Missing label: 1. Missing DT: 24.
HaiNan has 11880 txt documents. Request 404: 14. Missing label: 2. Missing DT: 14.
HeBei has 14158 txt documents. Request 404: 15. Missing label: 0. Missing DT: 15.
HeNan has 17477 txt documents. Request 404: 19. Missing label: 0. Missing DT: 19.
HeiLongJiang has 11855 txt documents. Request 404: 11. Missing label: 0. Missing DT: 12.
HuBei has 13791 txt documents. Request 404: 22. Missing label: 1. Missing DT: 23.
HuNan has 12907 txt documents. Request 404: 13. Missing label: 1. Missing DT: 14.
JiLin has 9968 txt documents. Request 404: 14. Missing label: 0. Missing DT: 14.
JiangSu has 23022 txt documents. Request 404: 36. Missing label: 3. Missing DT: 38.
JiangXi has 14999 txt documents. Request 404: 36. Missing label: 3. Missing DT: 36.
LiaoNing has 15408 txt documents. Request 404: 19. Missing label: 0. Missing DT: 19.
NeiMeng has 12430 txt documents. Request 404: 71. Missing label: 4. Missing DT: 74.
NingXia has 8327 txt documents. Request 404: 10. Missing label: 1. Missing DT: 11.
QingHai has 6054 txt documents. Request 404: 7. Missing label: 0. Missing DT: 7.
ShaanXi has 16765 txt documents. Request 404: 25. Missing label: 2. Missing DT: 25.
ShanDong has 25044 txt documents. Request 404: 76. Missing label: 5. Missing DT: 78.
ShanXi has 13991 txt documents. Request 404: 34. Missing label: 2. Missing DT: 34.
ShangHai has 15862 txt documents. Request 404: 19. Missing label: 0. Missing DT: 19.
SiChuan has 18947 txt documents. Request 404: 14. Missing label: 2. Missing DT: 14.
TianJin has 8102 txt documents. Request 404: 19. Missing label: 6. Missing DT: 21.
XiZang has 1483 txt documents. Request 404: 3. Missing label: 0. Missing DT: 3.
XinJiang has 6278 txt documents. Request 404: 4. Missing label: 0. Missing DT: 4.
YunNan has 9089 txt documents. Request 404: 18. Missing label: 5. Missing DT: 23.
ZheJiang has 24332 txt documents. Request 404: 62. Missing label: 5. Missing DT: 64.

Total 448057 txt documents. Request 404: 827 ~0.2%. Missing label: 73  ~0%. Missing DT: 856  ~0.2%.
